[2026-04-20 18:43:05] ======================================================
[2026-04-20 18:43:05] INICIO DE EJECUCIÓN COMPLETA DE ANÁLISIS
[2026-04-20 18:43:05] ======================================================
[2026-04-20 18:43:05] 
[2026-04-20 18:43:05] --- [1/6] PREPROCESAMIENTO ---
[2026-04-20 18:43:05] >>> Iniciando: preprocess_pft_data.py
[2026-04-20 18:50:25]     OK: preprocess_pft_data.py
[2026-04-20 18:50:25] 
[2026-04-20 18:50:25] --- [2/6] MAPAS Y VISUALIZACIONES SATELITALES ---
[2026-04-20 18:50:25] >>> Iniciando: plot_pft_maps.py
[2026-04-20 18:53:51]     OK: plot_pft_maps.py
[2026-04-20 18:53:51] >>> Iniciando: plot_pft_quinquennial_maps.py
[2026-04-20 18:59:58]     OK: plot_pft_quinquennial_maps.py
[2026-04-20 18:59:58] >>> Iniciando: plot_pft_quinquennial_diff.py
[2026-04-20 19:04:17]     OK: plot_pft_quinquennial_diff.py
[2026-04-20 19:04:17] >>> Iniciando: plot_pft_seasonal_quinquennial_comparison.py
[2026-04-20 19:08:12]     OK: plot_pft_seasonal_quinquennial_comparison.py
[2026-04-20 19:08:12] >>> Iniciando: plot_lat_time_optimized.py
[2026-04-20 19:08:16]     OK: plot_lat_time_optimized.py
[2026-04-20 19:08:16] >>> Iniciando: plot_pft_monthly_timeseries.py
[2026-04-20 19:12:00]     OK: plot_pft_monthly_timeseries.py
[2026-04-20 19:12:00] >>> Iniciando: plot_pft_monthly_with_indices_optimized.py
[2026-04-20 19:12:06]     OK: plot_pft_monthly_with_indices_optimized.py
[2026-04-20 19:12:06] >>> Iniciando: plot_composition_percentages.py
[2026-04-20 19:12:09]     OK: plot_composition_percentages.py
[2026-04-20 19:12:09] >>> Iniciando: generate_plotly_charts.py
[2026-04-20 19:12:10]     OK: generate_plotly_charts.py
[2026-04-20 19:12:10] 
[2026-04-20 19:12:10] --- [3/6] ANÁLISIS IN-SITU (eDNA) ---
[2026-04-20 19:12:10] >>> Iniciando: analisis_series_tiempo_in_situ_primarios.py
[2026-04-20 19:12:24]     OK: analisis_series_tiempo_in_situ_primarios.py
[2026-04-20 19:12:24] >>> Iniciando: analisis_profundidad_abundancia.py
[2026-04-20 19:12:47]     OK: analisis_profundidad_abundancia.py
[2026-04-20 19:12:47] >>> Iniciando: analisis_series_tiempo_in_situ_primarios.py
[2026-04-20 19:12:59]     OK: analisis_series_tiempo_in_situ_primarios.py
[2026-04-20 19:12:59] >>> Iniciando: time_series_analysis_species.py
[2026-04-20 19:13:10]     OK: time_series_analysis_species.py
[2026-04-20 19:13:10] 
[2026-04-20 19:13:10] --- [4/6] ANÁLISIS INFERENCIAL AVANZADO ---
[2026-04-20 19:13:10] >>> Iniciando: stl_decomposition_extremes.py
[2026-04-20 19:13:15]     OK: stl_decomposition_extremes.py
[2026-04-20 19:13:15] >>> Iniciando: fourier_analysis.py
[2026-04-20 19:13:17]     OK: fourier_analysis.py
[2026-04-20 19:13:17] >>> Iniciando: hmm_regimen_change.py
[2026-04-20 19:13:20]     OK: hmm_regimen_change.py
[2026-04-20 19:13:20] >>> Iniciando: extremos_alternativos.py
[2026-04-20 19:13:23]     OK: extremos_alternativos.py
[2026-04-20 19:13:23] >>> Iniciando: cross_correlation_permutation.py
[2026-04-20 19:13:48]     OK: cross_correlation_permutation.py
[2026-04-20 19:13:48] >>> Iniciando: granger_causality.py
[2026-04-20 19:13:49]     OK: granger_causality.py
[2026-04-20 19:13:49] >>> Iniciando: canonical_correlation.py
[2026-04-20 19:13:50]     OK: canonical_correlation.py
[2026-04-20 19:13:50] >>> Iniciando: piecewise_regression.py
[2026-04-20 19:13:53]     OK: piecewise_regression.py
[2026-04-20 19:13:53] >>> Iniciando: joint_extremes.py
[2026-04-20 19:13:54]     OK: joint_extremes.py
[2026-04-20 19:13:54] 
[2026-04-20 19:13:54] --- [5/6] GENERACIÓN DE REPORTE CUANTITATIVO ---
[2026-04-20 19:13:54] >>> Iniciando: generate_analysis_report.py
[2026-04-20 19:13:54]     OK: generate_analysis_report.py
[2026-04-20 19:13:54] 
[2026-04-20 19:13:54] --- [6/6] GENERACIÓN DE REPORTE HTML ---
[2026-04-20 19:13:54] >>> Iniciando: generate_html_report_complete_v2.py
[2026-04-20 19:13:56]     OK: generate_html_report_complete_v2.py
[2026-04-20 19:13:56] 
[2026-04-20 19:13:56] ======================================================
[2026-04-20 19:13:56] EJECUCIÓN COMPLETA FINALIZADA
[2026-04-20 19:13:56]   Reporte: reporte_analisis/index.html
[2026-04-20 19:13:56] ======================================================
